[2025-06-25 10:16:32] [INFO]: New button is clicked
[2025-06-25 10:16:33] [INFO]: First name is filled as John
[2025-06-25 10:16:33] [INFO]: Last name is filled as Doe
[2025-06-25 10:16:33] [INFO]: Save Button is clicked
[2025-06-25 10:16:59] [INFO]: New button is clicked
[2025-06-25 10:17:00] [INFO]: First name is filled as John
[2025-06-25 10:17:01] [INFO]: Last name is filled as Doe
[2025-06-25 10:17:01] [INFO]: Save Button is clicked
[2025-06-25 10:30:23] [INFO]: New button is clicked
[2025-06-25 10:30:24] [INFO]: First name is filled as John
[2025-06-25 10:35:59] [INFO]: New button is clicked
[2025-06-25 10:36:01] [INFO]: First name is filled as John
[2025-06-25 10:37:12] [INFO]: New button is clicked
[2025-06-25 10:37:13] [INFO]: First name is filled as John
[2025-06-25 10:39:21] [INFO]: New button is clicked
[2025-06-25 10:39:23] [INFO]: First name is filled as John
[2025-06-25 10:40:29] [INFO]: New button is clicked
[2025-06-25 10:40:31] [INFO]: First name is filled as John
[2025-06-25 10:41:26] [INFO]: New button is clicked
[2025-06-25 10:41:27] [INFO]: First name is filled as John
[2025-06-25 10:41:27] [INFO]: Last name is filled as Doe
[2025-06-25 10:42:30] [INFO]: New button is clicked
[2025-06-25 10:42:32] [INFO]: First name is filled as John
[2025-06-25 10:42:32] [INFO]: Last name is filled as Doe
[2025-06-25 10:42:32] [INFO]: Phone number is as 9964383922
[2025-06-25 10:43:13] [INFO]: New button is clicked
[2025-06-25 10:43:16] [INFO]: First name is filled as John
[2025-06-25 10:43:16] [INFO]: Last name is filled as Doe
[2025-06-25 10:43:16] [INFO]: Phone number is as 9964383922
[2025-06-25 10:43:17] [INFO]: Phone number filled as 9964383922
[2025-06-25 10:43:17] [INFO]: Save Button is clicked
[2025-06-25 10:49:28] [INFO]: New button is clicked
[2025-06-25 10:49:29] [INFO]: First name is filled as John
[2025-06-25 10:49:29] [INFO]: Last name is filled as Doe
[2025-06-25 10:49:29] [INFO]: Phone number is as 9964383922
[2025-06-25 10:49:29] [INFO]: Phone number filled as 9964383922
[2025-06-25 10:49:29] [INFO]: Save Button is clicked
[2025-06-25 10:50:24] [INFO]: New button is clicked
[2025-06-25 10:50:25] [INFO]: First name is filled as John
[2025-06-25 10:50:25] [INFO]: Last name is filled as Doe
[2025-06-25 10:50:25] [INFO]: Phone number is as 9964383922
[2025-06-25 10:50:25] [INFO]: Phone number filled as 9964383922
[2025-06-25 10:50:25] [INFO]: Save Button is clicked
[2025-06-25 10:50:26] [INFO]: New contact created and John Doe is visible
[2025-06-25 10:52:42] [INFO]: New button is clicked
[2025-06-25 10:52:43] [INFO]: First name is filled as John
[2025-06-25 10:52:43] [INFO]: Last name is filled as Doe
[2025-06-25 10:52:43] [INFO]: Phone number is as 9964383922
[2025-06-25 10:52:43] [INFO]: Phone number filled as 9964383922
[2025-06-25 10:52:44] [INFO]: Save Button is clicked
[2025-06-25 10:52:47] [INFO]: New contact created and John Doe is visible
[2025-06-25 10:56:56] [INFO]: New button is clicked
[2025-06-25 10:56:58] [INFO]: First name is filled as John
[2025-06-25 10:56:58] [INFO]: Last name is filled as Doe
[2025-06-25 10:56:58] [INFO]: Phone number is as 9964383922
[2025-06-25 10:56:58] [INFO]: Phone number filled as 9964383922
[2025-06-25 10:56:58] [INFO]: Save Button is clicked
[2025-06-25 10:57:35] [INFO]: New button is clicked
[2025-06-25 10:57:36] [INFO]: First name is filled as John
[2025-06-25 10:57:36] [INFO]: Last name is filled as Doe
[2025-06-25 10:57:36] [INFO]: Phone number is as 9964383922
[2025-06-25 10:57:36] [INFO]: Phone number filled as 9964383922
[2025-06-25 10:57:37] [INFO]: Save Button is clicked
[2025-06-25 10:57:38] [INFO]: New contact created and John Doe is visible
[2025-06-25 11:06:28] [INFO]: New button is clicked
[2025-06-25 11:06:30] [INFO]: First name is filled as John
[2025-06-25 11:06:30] [INFO]: Last name is filled as Doe
[2025-06-25 11:06:30] [INFO]: Phone number is as 9964383922
[2025-06-25 11:06:30] [INFO]: Phone number filled as 9964383922
[2025-06-25 11:06:30] [INFO]: Save Button is clicked
[2025-06-25 11:07:06] [INFO]: New button is clicked
[2025-06-25 11:07:07] [INFO]: First name is filled as John
[2025-06-25 11:07:08] [INFO]: Last name is filled as Doe
[2025-06-25 11:07:08] [INFO]: Phone number is as 9964383922
[2025-06-25 11:07:08] [INFO]: Phone number filled as 9964383922
[2025-06-25 11:07:08] [INFO]: Save Button is clicked
[2025-06-25 11:07:09] [INFO]: New contact created and John Doe is visible
[2025-06-25 11:07:54] [INFO]: New button is clicked
[2025-06-25 11:07:57] [INFO]: First name is filled as John
[2025-06-25 11:07:57] [INFO]: Last name is filled as Doe
[2025-06-25 11:07:57] [INFO]: Phone number is as 9964383922
[2025-06-25 11:07:57] [INFO]: Phone number filled as 9964383922
[2025-06-25 11:07:57] [INFO]: Save Button is clicked
[2025-06-25 11:09:33] [INFO]: New button is clicked
[2025-06-25 11:09:37] [INFO]: First name is filled as John
[2025-06-25 11:09:37] [INFO]: Last name is filled as Doe
[2025-06-25 11:09:37] [INFO]: Phone number is as 9964383922
[2025-06-25 11:09:37] [INFO]: Phone number filled as 9964383922
[2025-06-25 11:09:37] [INFO]: Save Button is clicked
[2025-06-25 11:09:39] [INFO]: New contact created and John Doe is visible
[2025-06-25 11:12:45] [INFO]: New button is clicked
[2025-06-25 11:12:46] [INFO]: First name is filled as John
[2025-06-25 11:12:46] [INFO]: Last name is filled as Doe
[2025-06-25 11:12:46] [INFO]: Phone number is as 9964383922
[2025-06-25 11:12:47] [INFO]: Phone number filled as 9964383922
[2025-06-25 11:12:47] [INFO]: Save Button is clicked
[2025-06-25 11:13:23] [INFO]: New button is clicked
[2025-06-25 11:13:26] [INFO]: First name is filled as John
[2025-06-25 11:13:26] [INFO]: Last name is filled as Doe
[2025-06-25 11:13:26] [INFO]: Phone number is as 9964383922
[2025-06-25 11:13:26] [INFO]: Phone number filled as 9964383922
[2025-06-25 11:13:26] [INFO]: Save Button is clicked
[2025-06-25 11:13:27] [INFO]: New contact created and John Doe is visible
[2025-06-25 11:16:23] [INFO]: New button is clicked
[2025-06-25 11:16:26] [INFO]: First name is filled as John
[2025-06-25 11:16:26] [INFO]: Last name is filled as Doe
[2025-06-25 11:16:26] [INFO]: Phone number is as 9964383922
[2025-06-25 11:16:26] [INFO]: Phone number filled as 9964383922
[2025-06-25 11:16:26] [INFO]: Save Button is clicked
[2025-06-25 11:16:50] [INFO]: New button is clicked
[2025-06-25 11:16:51] [INFO]: First name is filled as John
[2025-06-25 11:16:51] [INFO]: Last name is filled as Doe
[2025-06-25 11:16:51] [INFO]: Phone number is as 9964383922
[2025-06-25 11:16:51] [INFO]: Phone number filled as 9964383922
[2025-06-25 11:16:51] [INFO]: Save Button is clicked
[2025-06-25 11:16:52] [INFO]: New contact created and John Doe is visible
[2025-06-25 11:18:25] [INFO]: New button is clicked
[2025-06-25 11:18:26] [INFO]: First name is filled as John
[2025-06-25 11:18:27] [INFO]: Last name is filled as Doe
[2025-06-25 11:18:27] [INFO]: Phone number is as 9964383922
[2025-06-25 11:18:27] [INFO]: Phone number filled as 9964383922
[2025-06-25 11:18:27] [INFO]: Save Button is clicked
[2025-06-25 11:18:29] [INFO]: New contact created and John Doe is visible
[2025-06-25 11:19:50] [INFO]: New button is clicked
[2025-06-25 11:19:53] [INFO]: First name is filled as John
[2025-06-25 11:19:53] [INFO]: Last name is filled as Doe
[2025-06-25 11:19:53] [INFO]: Phone number is as 9964383922
[2025-06-25 11:19:53] [INFO]: Phone number filled as 9964383922
[2025-06-25 11:19:53] [INFO]: Save Button is clicked
[2025-06-25 11:19:54] [INFO]: New contact created and John Doe is visible
[2025-06-25 11:22:30] [INFO]: New button is clicked
[2025-06-25 11:22:31] [INFO]: First name is filled as John
[2025-06-25 11:22:31] [INFO]: Last name is filled as Doe
[2025-06-25 11:22:31] [INFO]: Phone number is as 9964383922
[2025-06-25 11:22:31] [INFO]: Phone number filled as 9964383922
[2025-06-25 11:22:31] [INFO]: Save Button is clicked
[2025-06-25 11:23:02] [INFO]: New button is clicked
[2025-06-25 11:23:03] [INFO]: First name is filled as John
[2025-06-25 11:23:03] [INFO]: Last name is filled as Doe
[2025-06-25 11:23:03] [INFO]: Phone number is as 9964383922
[2025-06-25 11:23:03] [INFO]: Phone number filled as 9964383922
[2025-06-25 11:23:03] [INFO]: Save Button is clicked
[2025-06-25 11:23:04] [INFO]: New contact created and John Doe is visible
[2025-06-25 11:27:44] [INFO]: New button is clicked
[2025-06-25 11:27:47] [INFO]: First name is filled as John
[2025-06-25 11:27:47] [INFO]: Last name is filled as Doe
[2025-06-25 11:27:47] [INFO]: Phone number is as 9964383922
[2025-06-25 11:27:47] [INFO]: Phone number filled as 9964383922
[2025-06-25 11:27:47] [INFO]: Save Button is clicked
[2025-06-25 11:27:49] [INFO]: New contact created and John Doe is visible
[2025-06-25 11:30:08] [INFO]: New button is clicked
[2025-06-25 11:30:11] [INFO]: First name is filled as John
[2025-06-25 11:30:11] [INFO]: Last name is filled as Doe
[2025-06-25 11:30:11] [INFO]: Phone number is as 9964383922
[2025-06-25 11:30:11] [INFO]: Phone number filled as 9964383922
[2025-06-25 11:30:11] [INFO]: Save Button is clicked
[2025-06-25 11:30:12] [INFO]: New contact created and John Doe is visible
[2025-06-25 11:32:46] [INFO]: New button is clicked
[2025-06-25 11:32:48] [INFO]: First name is filled as John
[2025-06-25 11:32:49] [INFO]: Last name is filled as Doe
[2025-06-25 11:32:49] [INFO]: Phone number is as 9964383922
[2025-06-25 11:32:49] [INFO]: Phone number filled as 9964383922
[2025-06-25 11:32:49] [INFO]: Save Button is clicked
[2025-06-25 11:32:50] [INFO]: New contact created and John Doe is visible
[2025-06-25 11:34:07] [INFO]: New button is clicked
[2025-06-25 11:34:10] [INFO]: First name is filled as John
[2025-06-25 11:34:10] [INFO]: Last name is filled as Doe
[2025-06-25 11:34:10] [INFO]: Phone number is as 9964383922
[2025-06-25 11:34:10] [INFO]: Phone number filled as 9964383922
[2025-06-25 11:34:10] [INFO]: Save Button is clicked
[2025-06-25 11:34:42] [INFO]: New button is clicked
[2025-06-25 11:34:43] [INFO]: First name is filled as John
[2025-06-25 11:34:43] [INFO]: Last name is filled as Doe
[2025-06-25 11:34:43] [INFO]: Phone number is as 9964383922
[2025-06-25 11:34:43] [INFO]: Phone number filled as 9964383922
[2025-06-25 11:34:44] [INFO]: Save Button is clicked
[2025-06-25 11:34:44] [INFO]: New contact created and John Doe is visible
[2025-06-25 11:38:20] [INFO]: New button is clicked
[2025-06-25 11:38:22] [INFO]: First name is filled as John
[2025-06-25 11:38:22] [INFO]: Last name is filled as Doe
[2025-06-25 11:38:22] [INFO]: Phone number is as 9964383922
[2025-06-25 11:38:22] [INFO]: Phone number filled as 9964383922
[2025-06-25 11:38:22] [INFO]: Save Button is clicked
[2025-06-25 11:38:25] [INFO]: New contact created and John Doe is visible
[2025-06-25 11:39:26] [INFO]: New button is clicked
[2025-06-25 11:39:28] [INFO]: First name is filled as John
[2025-06-25 11:39:28] [INFO]: Last name is filled as Doe
[2025-06-25 11:39:28] [INFO]: Phone number is as 9964383922
[2025-06-25 11:39:28] [INFO]: Phone number filled as 9964383922
[2025-06-25 11:39:28] [INFO]: Save Button is clicked
[2025-06-25 11:39:57] [INFO]: New button is clicked
[2025-06-25 11:39:59] [INFO]: First name is filled as John
[2025-06-25 11:39:59] [INFO]: Last name is filled as Doe
[2025-06-25 11:39:59] [INFO]: Phone number is as 9964383922
[2025-06-25 11:39:59] [INFO]: Phone number filled as 9964383922
[2025-06-25 11:39:59] [INFO]: Save Button is clicked
[2025-06-25 11:40:00] [INFO]: New contact created and John Doe is visible
[2025-06-25 11:40:51] [INFO]: New button is clicked
[2025-06-25 11:40:52] [INFO]: First name is filled as John
[2025-06-25 11:40:53] [INFO]: Last name is filled as Doe
[2025-06-25 11:40:53] [INFO]: Phone number is as 9964383922
[2025-06-25 11:40:53] [INFO]: Phone number filled as 9964383922
[2025-06-25 11:40:53] [INFO]: Save Button is clicked
[2025-06-25 11:40:54] [INFO]: New contact created and John Doe is visible
[2025-06-25 11:43:32] [INFO]: New button is clicked
[2025-06-25 11:43:35] [INFO]: First name is filled as John
[2025-06-25 11:43:35] [INFO]: Last name is filled as Doe
[2025-06-25 11:43:35] [INFO]: Phone number is as 9964383922
[2025-06-25 11:43:35] [INFO]: Phone number filled as 9964383922
[2025-06-25 11:43:35] [INFO]: Save Button is clicked
[2025-06-25 11:43:36] [INFO]: New contact created and John Doe is visible
[2025-06-25 11:50:22] [INFO]: New button is clicked
[2025-06-25 11:50:23] [INFO]: First name is filled as John
[2025-06-25 11:50:23] [INFO]: Last name is filled as Doe
[2025-06-25 11:50:23] [INFO]: Phone number is as 9964383922
[2025-06-25 11:50:23] [INFO]: Phone number filled as 9964383922
[2025-06-25 11:50:24] [INFO]: Save Button is clicked
[2025-06-25 11:50:27] [INFO]: New contact created and John Doe is visible
[2025-06-25 13:36:41] [INFO]: New button is clicked
[2025-06-25 13:36:42] [INFO]: First name is filled as John
[2025-06-25 13:36:42] [INFO]: Last name is filled as Doe
[2025-06-25 13:36:42] [INFO]: Phone number is as 9964383922
[2025-06-25 13:36:42] [INFO]: Phone number filled as 9964383922
[2025-06-25 13:36:43] [INFO]: Save Button is clicked
[2025-06-25 13:42:58] [INFO]: New button is clicked
[2025-06-25 13:42:59] [INFO]: First name is filled as John
[2025-06-25 13:42:59] [INFO]: Last name is filled as Doe
[2025-06-25 13:42:59] [INFO]: Phone number is as 9964383922
[2025-06-25 13:43:00] [INFO]: Phone number filled as 9964383922
[2025-06-25 13:43:00] [INFO]: Save Button is clicked
[2025-06-25 13:43:02] [INFO]: New contact created and John Doe is visible
[2025-06-25 13:44:40] [INFO]: New button is clicked
[2025-06-25 13:44:43] [INFO]: First name is filled as John
[2025-06-25 13:44:43] [INFO]: Last name is filled as Doe
[2025-06-25 13:44:43] [INFO]: Phone number filled as 9964383922
[2025-06-25 13:44:44] [INFO]: Save Button is clicked
[2025-06-25 13:44:45] [INFO]: New contact created and John Doe is visible
[2025-06-25 13:53:27] [INFO]: New button is clicked
[2025-06-25 13:53:30] [INFO]: First name is filled as John
[2025-06-25 13:53:30] [INFO]: Last name is filled as Doe
[2025-06-25 13:53:30] [INFO]: Phone number filled as 9964383922
[2025-06-25 13:53:31] [INFO]: Save Button is clicked
[2025-06-25 13:53:31] [INFO]: New contact created and John Doe is visible
[2025-06-25 14:44:03] [INFO]: New button is clicked
[2025-06-25 14:44:05] [INFO]: First name is filled as John
[2025-06-25 14:44:05] [INFO]: Last name is filled as Doe
[2025-06-25 14:44:05] [INFO]: Phone number filled as 9964383922
[2025-06-25 14:44:05] [INFO]: Save Button is clicked
[2025-06-25 14:45:44] [INFO]: New button is clicked
[2025-06-25 14:45:45] [INFO]: First name is filled as John
[2025-06-25 14:45:45] [INFO]: Last name is filled as Doe
[2025-06-25 14:45:46] [INFO]: Phone number filled as 9964383922
[2025-06-25 14:45:46] [INFO]: Save Button is clicked
[2025-06-25 14:47:18] [INFO]: New button is clicked
[2025-06-25 14:47:19] [INFO]: First name is filled as John
[2025-06-25 14:47:19] [INFO]: Last name is filled as Doe
[2025-06-25 14:47:20] [INFO]: Phone number filled as 9964383922
[2025-06-25 14:47:20] [INFO]: Save Button is clicked
[2025-06-25 14:47:22] [INFO]: New contact created and John Doe is visible
[2025-06-25 14:52:14] [INFO]: New button is clicked
[2025-06-25 14:52:15] [INFO]: First name is filled as John
[2025-06-25 14:52:15] [INFO]: Last name is filled as Doe
[2025-06-25 14:52:15] [INFO]: Phone number filled as 9964383922
[2025-06-25 14:52:17] [INFO]: Save Button is clicked
[2025-06-25 14:53:05] [INFO]: New button is clicked
[2025-06-25 14:53:08] [INFO]: First name is filled as John
[2025-06-25 14:53:08] [INFO]: Last name is filled as Doe
[2025-06-25 14:53:09] [INFO]: Phone number filled as 9964383922
[2025-06-25 14:53:09] [INFO]: Save Button is clicked
[2025-06-25 14:53:11] [INFO]: New contact created and John Doe is visible
[2025-06-25 14:57:34] [INFO]: New button is clicked
[2025-06-25 14:57:36] [INFO]: First name is filled as John
[2025-06-25 14:57:36] [INFO]: Last name is filled as Doe
[2025-06-25 14:57:36] [INFO]: Phone number filled as 9964383922
[2025-06-25 14:57:37] [INFO]: Save Button is clicked
[2025-06-25 14:58:55] [INFO]: New button is clicked
[2025-06-25 14:58:59] [INFO]: First name is filled as John
[2025-06-25 14:58:59] [INFO]: Last name is filled as Doe
[2025-06-25 14:58:59] [INFO]: Phone number filled as 9964383922
[2025-06-25 14:58:59] [INFO]: Save Button is clicked
[2025-06-25 14:59:01] [INFO]: New contact created and John Doe is visible
[2025-06-25 15:01:00] [INFO]: New button is clicked
[2025-06-25 15:01:01] [INFO]: First name is filled as John
[2025-06-25 15:01:02] [INFO]: Last name is filled as Doe
[2025-06-25 15:01:02] [INFO]: Phone number filled as 9964383922
[2025-06-25 15:01:02] [INFO]: Save Button is clicked
[2025-06-25 15:01:05] [INFO]: New contact created and John Doe is visible
[2025-06-25 15:01:29] [INFO]: New button is clicked
[2025-06-25 15:01:30] [INFO]: First name is filled as John
[2025-06-25 15:01:30] [INFO]: Last name is filled as Doe
[2025-06-25 15:01:31] [INFO]: Phone number filled as 9964383922
[2025-06-25 15:01:31] [INFO]: Save Button is clicked
[2025-06-25 15:01:33] [INFO]: New contact created and John Doe is visible
[2025-06-25 15:12:02] [INFO]: New button is clicked
[2025-06-25 15:12:04] [INFO]: First name is filled as John
[2025-06-25 15:12:04] [INFO]: Last name is filled as Doe
[2025-06-25 15:12:04] [INFO]: Phone number filled as 9964383922
[2025-06-25 15:12:04] [INFO]: Save Button is clicked
[2025-06-25 15:14:05] [INFO]: New button is clicked
[2025-06-25 15:14:07] [INFO]: First name is filled as John
[2025-06-25 15:14:07] [INFO]: Last name is filled as Doe
[2025-06-25 15:14:07] [INFO]: Phone number filled as 9964383922
[2025-06-25 15:14:07] [INFO]: Save Button is clicked
[2025-06-25 15:14:10] [INFO]: New contact created and John Doe is visible
[2025-06-25 15:14:34] [INFO]: New button is clicked
[2025-06-25 15:14:38] [INFO]: First name is filled as John
[2025-06-25 15:14:38] [INFO]: Last name is filled as Doe
[2025-06-25 15:14:38] [INFO]: Phone number filled as 9964383922
[2025-06-25 15:14:38] [INFO]: Save Button is clicked
[2025-06-25 15:14:39] [INFO]: New contact created and John Doe is visible
[2025-06-25 16:55:38] [INFO]: New button is clicked
[2025-06-25 16:55:40] [INFO]: First name is filled as John
[2025-06-25 16:55:40] [INFO]: Last name is filled as Doe
[2025-06-25 16:55:40] [INFO]: Phone number filled as 9964383922
[2025-06-25 16:55:40] [INFO]: Save Button is clicked
[2025-06-25 16:55:41] [INFO]: New contact created and John Doe is visible
[2025-06-25 16:55:56] [INFO]: New button is clicked
[2025-06-25 16:55:57] [INFO]: First name is filled as John
[2025-06-25 16:55:57] [INFO]: Last name is filled as Doe
[2025-06-25 16:55:57] [INFO]: Phone number filled as 9964383922
[2025-06-25 16:55:57] [INFO]: Save Button is clicked
[2025-06-25 16:55:58] [INFO]: New contact created and John Doe is visible
[2025-06-25 16:59:50] [INFO]: New button is clicked
[2025-06-25 16:59:51] [INFO]: First name is filled as John
[2025-06-25 16:59:51] [INFO]: Last name is filled as Doe
[2025-06-25 16:59:52] [INFO]: Phone number filled as 9964383922
[2025-06-25 16:59:52] [INFO]: Save Button is clicked
[2025-06-25 17:07:09] [INFO]: New button is clicked
[2025-06-25 17:07:11] [INFO]: First name is filled as John
[2025-06-25 17:07:11] [INFO]: Last name is filled as Doe
[2025-06-25 17:07:11] [INFO]: Phone number filled as 9964383922
[2025-06-25 17:07:11] [INFO]: Save Button is clicked
[2025-06-25 17:07:12] [INFO]: New contact created and John Doe is visible
[2025-06-25 17:07:26] [INFO]: New button is clicked
[2025-06-25 17:07:27] [INFO]: First name is filled as John
[2025-06-25 17:07:27] [INFO]: Last name is filled as Doe
[2025-06-25 17:07:27] [INFO]: Phone number filled as 9964383922
[2025-06-25 17:07:28] [INFO]: Save Button is clicked
[2025-06-25 17:07:29] [INFO]: New contact created and John Doe is visible
[2025-06-25 17:18:34] [INFO]: New button is clicked
[2025-06-25 17:18:35] [INFO]: First name is filled as John
[2025-06-25 17:18:35] [INFO]: Last name is filled as Doe
[2025-06-25 17:18:35] [INFO]: Phone number filled as 9964383922
[2025-06-25 17:18:35] [INFO]: Save Button is clicked
[2025-06-25 17:18:36] [INFO]: New contact created and John Doe is visible
[2025-06-25 17:18:49] [INFO]: New button is clicked
[2025-06-25 17:18:52] [INFO]: First name is filled as John
[2025-06-25 17:18:52] [INFO]: Last name is filled as Doe
[2025-06-25 17:18:52] [INFO]: Phone number filled as 9964383922
[2025-06-25 17:18:52] [INFO]: Save Button is clicked
[2025-06-25 17:18:53] [INFO]: New contact created and John Doe is visible
[2025-06-25 17:32:42] [INFO]: New button is clicked
[2025-06-25 17:32:43] [INFO]: First name is filled as John
[2025-06-25 17:32:43] [INFO]: Last name is filled as Doe
[2025-06-25 17:32:43] [INFO]: Phone number filled as 9964383922
[2025-06-25 17:32:44] [INFO]: Save Button is clicked
[2025-06-25 17:33:26] [INFO]: New button is clicked
[2025-06-25 17:33:28] [INFO]: First name is filled as John
[2025-06-25 17:33:28] [INFO]: Last name is filled as Doe
[2025-06-25 17:33:28] [INFO]: Phone number filled as 9964383922
[2025-06-25 17:33:28] [INFO]: Save Button is clicked
[2025-06-25 17:33:29] [INFO]: New contact created and John Doe is visible
[2025-06-25 17:40:11] [INFO]: New button is clicked
[2025-06-25 17:40:12] [INFO]: First name is filled as John
[2025-06-25 17:40:12] [INFO]: Last name is filled as Doe
[2025-06-25 17:40:12] [INFO]: Phone number filled as 9964383922
[2025-06-25 17:40:13] [INFO]: Save Button is clicked
[2025-06-25 17:40:13] [INFO]: New contact created and John Doe is visible
[2025-06-25 17:40:27] [INFO]: New button is clicked
[2025-06-25 17:40:28] [INFO]: First name is filled as John
[2025-06-25 17:40:28] [INFO]: Last name is filled as Doe
[2025-06-25 17:40:28] [INFO]: Phone number filled as 9964383922
[2025-06-25 17:40:28] [INFO]: Save Button is clicked
[2025-06-25 17:40:29] [INFO]: New contact created and John Doe is visible
[2025-06-25 17:42:00] [INFO]: New button is clicked
[2025-06-25 17:42:01] [INFO]: First name is filled as John
[2025-06-25 17:42:01] [INFO]: Last name is filled as Doe
[2025-06-25 17:42:02] [INFO]: Phone number filled as 9964383922
[2025-06-25 17:42:02] [INFO]: Save Button is clicked
[2025-06-25 17:42:03] [INFO]: New contact created and John Doe is visible
[2025-06-25 17:42:19] [INFO]: New button is clicked
[2025-06-25 17:42:20] [INFO]: First name is filled as John
[2025-06-25 17:42:20] [INFO]: Last name is filled as Doe
[2025-06-25 17:42:20] [INFO]: Phone number filled as 9964383922
[2025-06-25 17:42:21] [INFO]: Save Button is clicked
[2025-06-25 17:42:22] [INFO]: New contact created and John Doe is visible
[2025-06-25 17:43:30] [INFO]: New button is clicked
[2025-06-25 17:43:32] [INFO]: First name is filled as John
[2025-06-25 17:43:32] [INFO]: Last name is filled as Doe
[2025-06-25 17:43:32] [INFO]: Phone number filled as 9964383922
[2025-06-25 17:43:32] [INFO]: Save Button is clicked
[2025-06-25 17:43:33] [INFO]: New contact created and John Doe is visible
[2025-06-25 17:43:45] [INFO]: New button is clicked
[2025-06-25 17:43:47] [INFO]: First name is filled as John
[2025-06-25 17:43:47] [INFO]: Last name is filled as Doe
[2025-06-25 17:43:47] [INFO]: Phone number filled as 9964383922
[2025-06-25 17:43:47] [INFO]: Save Button is clicked
[2025-06-25 17:43:48] [INFO]: New contact created and John Doe is visible
[2025-06-25 18:43:26] [INFO]: New button is clicked
[2025-06-25 18:43:28] [INFO]: First name is filled as John
[2025-06-25 18:43:28] [INFO]: Last name is filled as Doe
[2025-06-25 18:43:28] [INFO]: Phone number filled as 9964383922
[2025-06-25 18:43:28] [INFO]: Save Button is clicked
[2025-06-25 18:43:30] [INFO]: New contact created and John Doe is visible
[2025-06-25 18:43:45] [INFO]: New button is clicked
[2025-06-25 18:43:46] [INFO]: First name is filled as John
[2025-06-25 18:43:46] [INFO]: Last name is filled as Doe
[2025-06-25 18:43:47] [INFO]: Phone number filled as 9964383922
[2025-06-25 18:43:47] [INFO]: Save Button is clicked
[2025-06-25 18:43:48] [INFO]: New contact created and John Doe is visible
[2025-06-25 18:46:38] [INFO]: New button is clicked
[2025-06-25 18:46:39] [INFO]: First name is filled as John
[2025-06-25 18:46:39] [INFO]: Last name is filled as Doe
[2025-06-25 18:46:40] [INFO]: Phone number filled as 9964383922
[2025-06-25 18:46:40] [INFO]: Save Button is clicked
[2025-06-25 18:46:41] [INFO]: New contact created and John Doe is visible
[2025-06-25 18:46:54] [INFO]: New button is clicked
[2025-06-25 18:46:55] [INFO]: First name is filled as John
[2025-06-25 18:46:55] [INFO]: Last name is filled as Doe
[2025-06-25 18:46:55] [INFO]: Phone number filled as 9964383922
[2025-06-25 18:46:55] [INFO]: Save Button is clicked
[2025-06-25 18:46:56] [INFO]: New contact created and John Doe is visible
[2025-06-25 18:48:06] [INFO]: New button is clicked
[2025-06-25 18:48:07] [INFO]: First name is filled as John
[2025-06-25 18:48:08] [INFO]: Last name is filled as Doe
[2025-06-25 18:48:08] [INFO]: Phone number filled as 9964383922
[2025-06-25 18:48:08] [INFO]: Save Button is clicked
[2025-06-25 18:48:09] [INFO]: New contact created and John Doe is visible
[2025-06-25 18:48:21] [INFO]: New button is clicked
[2025-06-25 18:48:23] [INFO]: First name is filled as John
[2025-06-25 18:48:23] [INFO]: Last name is filled as Doe
[2025-06-25 18:48:23] [INFO]: Phone number filled as 9964383922
[2025-06-25 18:48:23] [INFO]: Save Button is clicked
[2025-06-25 18:48:24] [INFO]: New contact created and John Doe is visible
[2025-06-25 18:52:55] [INFO]: New button is clicked
[2025-06-25 18:52:56] [INFO]: First name is filled as John
[2025-06-25 18:52:56] [INFO]: Last name is filled as Doe
[2025-06-25 18:52:56] [INFO]: Phone number filled as 9964383922
[2025-06-25 18:52:57] [INFO]: Save Button is clicked
[2025-06-25 18:53:00] [INFO]: New contact created and John Doe is visible
[2025-06-25 18:53:19] [INFO]: New button is clicked
[2025-06-25 18:53:21] [INFO]: First name is filled as John
[2025-06-25 18:53:21] [INFO]: Last name is filled as Doe
[2025-06-25 18:53:21] [INFO]: Phone number filled as 9964383922
[2025-06-25 18:53:21] [INFO]: Save Button is clicked
[2025-06-25 18:53:23] [INFO]: New contact created and John Doe is visible
[2025-06-25 19:10:22] [INFO]: New button is clicked
[2025-06-25 19:10:24] [INFO]: First name is filled as John
[2025-06-25 19:10:24] [INFO]: Last name is filled as Doe
[2025-06-25 19:10:24] [INFO]: Phone number filled as 9964383922
[2025-06-25 19:10:24] [INFO]: Save Button is clicked
[2025-06-25 19:10:25] [INFO]: New contact created and John Doe is visible
[2025-06-25 19:10:46] [INFO]: New button is clicked
[2025-06-25 19:10:48] [INFO]: First name is filled as John
[2025-06-25 19:10:48] [INFO]: Last name is filled as Doe
[2025-06-25 19:10:48] [INFO]: Phone number filled as 9964383922
[2025-06-25 19:10:48] [INFO]: Save Button is clicked
[2025-06-25 19:10:49] [INFO]: New contact created and John Doe is visible
